// Vitest Snapshot v1, https://vitest.dev/guide/snapshot.html

exports[`pageSpeedInsightsDashboard > renders the dashboard sections, copy buttons, and category rows when data is ready 1`] = `
<div
  class="flex flex-row justify-end gap-4"
>
  <button
    class="inline-flex items-center justify-center gap-2 whitespace-nowrap text-sm font-medium transition-colors focus-visible:outline-none focus-visible:ring-1 focus-visible:ring-ring disabled:pointer-events-none disabled:opacity-50 [&_svg]:pointer-events-none [&_svg]:size-4 [&_svg]:shrink-0 border border-input bg-background shadow-sm hover:bg-accent hover:text-accent-foreground h-10 rounded-md px-8 relative"
  >
    <svg
      class="lucide lucide-copy h-4 w-4"
      fill="none"
      height="24"
      stroke="currentColor"
      stroke-linecap="round"
      stroke-linejoin="round"
      stroke-width="2"
      viewBox="0 0 24 24"
      width="24"
      xmlns="http://www.w3.org/2000/svg"
    >
      <rect
        height="14"
        rx="2"
        ry="2"
        width="14"
        x="8"
        y="8"
      />
      <path
        d="M4 16c-1.1 0-2-.9-2-2V4c0-1.1.9-2 2-2h10c1.1 0 2 .9 2 2"
      />
    </svg>
    Mobile
    <span
      class="sr-only"
    >
      Copy
    </span>
  </button>
  <button
    class="inline-flex items-center justify-center gap-2 whitespace-nowrap text-sm font-medium transition-colors focus-visible:outline-none focus-visible:ring-1 focus-visible:ring-ring disabled:pointer-events-none disabled:opacity-50 [&_svg]:pointer-events-none [&_svg]:size-4 [&_svg]:shrink-0 border border-input bg-background shadow-sm hover:bg-accent hover:text-accent-foreground h-10 rounded-md px-8 relative"
  >
    <svg
      class="lucide lucide-copy h-4 w-4"
      fill="none"
      height="24"
      stroke="currentColor"
      stroke-linecap="round"
      stroke-linejoin="round"
      stroke-width="2"
      viewBox="0 0 24 24"
      width="24"
      xmlns="http://www.w3.org/2000/svg"
    >
      <rect
        height="14"
        rx="2"
        ry="2"
        width="14"
        x="8"
        y="8"
      />
      <path
        d="M4 16c-1.1 0-2-.9-2-2V4c0-1.1.9-2 2-2h10c1.1 0 2 .9 2 2"
      />
    </svg>
    Desktop
    <span
      class="sr-only"
    >
      Copy
    </span>
  </button>
</div>
`;

exports[`pageSpeedInsightsDashboard > shows the loading state when the dashboard is still fetching 1`] = `
<div>
  Mock loading message
</div>
`;
