// Vitest Snapshot v1, https://vitest.dev/guide/snapshot.html

exports[`ui primitive smoke tests > renders badge, label, and textarea with forwarded props 1`] = `
<div>
  <div
    class="inline-flex items-center rounded-full border px-2.5 py-0.5 text-xs font-semibold transition-colors focus:outline-none focus:ring-2 focus:ring-ring focus:ring-offset-2 border-transparent bg-secondary text-secondary-foreground hover:bg-secondary/80"
  >
    Status
  </div>
  <label
    class="text-sm font-medium leading-none peer-disabled:cursor-not-allowed peer-disabled:opacity-70"
    for="notes"
  >
    Notes
  </label>
  <textarea
    class="flex min-h-[60px] w-full rounded-md border border-input bg-transparent px-3 py-2 text-base shadow-sm placeholder:text-muted-foreground focus-visible:outline-none focus-visible:ring-1 focus-visible:ring-ring disabled:cursor-not-allowed disabled:opacity-50 md:text-sm"
    id="notes"
    placeholder="Add notes"
  />
</div>
`;

exports[`ui primitive smoke tests > renders the full table primitive set together 1`] = `
<div
  class="relative w-full overflow-auto table-wrapper"
>
  <table
    class="w-full caption-bottom text-sm table-fixed"
  >
    <caption
      class="mt-4 text-sm text-muted-foreground"
    >
      Quarterly results
    </caption>
    <thead
      class="[&_tr]:border-b"
    >
      <tr
        class="border-b transition-colors hover:bg-muted/50 data-[state=selected]:bg-muted"
      >
        <th
          class="h-10 px-2 text-left align-top font-medium text-muted-foreground [&:has([role=checkbox])]:pr-0 *:[[role=checkbox]]:translate-y-0.5 border"
        >
          Metric
        </th>
        <th
          class="h-10 px-2 text-left align-top font-medium text-muted-foreground [&:has([role=checkbox])]:pr-0 *:[[role=checkbox]]:translate-y-0.5 border"
        >
          Value
        </th>
      </tr>
    </thead>
    <tbody
      class="[&_tr:last-child]:border-0"
    >
      <tr
        class="border-b transition-colors hover:bg-muted/50 data-[state=selected]:bg-muted"
      >
        <td
          class="p-2 align-top [&:has([role=checkbox])]:pr-0 *:[[role=checkbox]]:translate-y-0.5"
        >
          LCP
        </td>
        <td
          class="p-2 align-top [&:has([role=checkbox])]:pr-0 *:[[role=checkbox]]:translate-y-0.5"
        >
          2.1s
        </td>
      </tr>
    </tbody>
    <tfoot
      class="border-t bg-muted/50 font-medium [&>tr]:last:border-b-0"
    >
      <tr
        class="border-b transition-colors hover:bg-muted/50 data-[state=selected]:bg-muted"
      >
        <td
          class="p-2 align-top [&:has([role=checkbox])]:pr-0 *:[[role=checkbox]]:translate-y-0.5"
        >
          Total
        </td>
        <td
          class="p-2 align-top [&:has([role=checkbox])]:pr-0 *:[[role=checkbox]]:translate-y-0.5"
        >
          1 metric
        </td>
      </tr>
    </tfoot>
  </table>
</div>
`;
