// Vitest Snapshot v1, https://vitest.dev/guide/snapshot.html

exports[`app/layout > renders the shared layout shell around the page content 1`] = `
<div>
  <nav>
    Mock top nav
  </nav>
  <main
    class="mx-auto w-full p-4"
  >
    <div>
      Page content
    </div>
  </main>
  <footer
    class="w-full text-center print:hidden"
  >
    Made by Maxwell Cohen, with data from Google crux report.
  </footer>
</div>
`;
