// Vitest Snapshot v1, https://vitest.dev/guide/snapshot.html

exports[`LhUrlInput > renders URL input 1`] = `
<div
  data-value="url"
  role="tabpanel"
>
  <div
    class="space-y-2"
  >
    <label
      for="json-url"
    >
      JSON URL
    </label>
    <input
      id="json-url"
      placeholder="https://example.com/data.json"
      type="url"
      value=""
    />
  </div>
</div>
`;
