// Vitest Snapshot v1, https://vitest.dev/guide/snapshot.html

exports[`AuditTable > renders Audits heading and table with audit entries 1`] = `
<div
  class="text-lg font-bold"
>
   Audits 
</div>
`;

exports[`AuditTable > renders empty string when description is missing 1`] = `
<div
  class="text-lg font-bold"
>
   Audits 
</div>
`;

exports[`AuditTable > renders markdown in description 1`] = `
<div
  class="text-lg font-bold"
>
   Audits 
</div>
`;
