// Vitest Snapshot v1, https://vitest.dev/guide/snapshot.html

exports[`RenderFilmStrip > renders Screenshots accordion when filmstrip data exists 1`] = `
<div>
  <div>
    <button
      type="button"
    >
      <div
        class="text-lg font-bold group-hover:underline"
      >
        Screenshots
      </div>
    </button>
  </div>
</div>
`;
